[renoxcheats.cc/index.html]
[backblue.gif]
[fade.gif]
[index.html]
[renoxcheats.cc/cdn-cgi/bm/cv/669835187/api.js]
[pagead2.googlesyndication.com/pagead/js/f.txt]
[renoxcheats.cc/removeBanner.js]
[renoxcheats.cc/assets/stylesheets/stylesheet.css]
[renoxcheats.cc/assets/img/logo.png]
[renoxcheats.cc/cdnjs.cloudflare.com/ajax/libs/animate.css/3.5.2/animate.min.css]
[renoxcheats.cc/assets/javascript/app.js]
[renoxcheats.cc/page/index.html]
[renoxcheats.cc/page1/index.html]
[renoxcheats.cc/assets/others/KUSO GVKI - Cinnamon (feat. Apfel) (splash! Mag Premiere).mp4]
[renoxcheats.cc/assets/javascript/lib/jquery-3.1.1.min.js]
[renoxcheats.cc/assets/javascript/lib/jquery.marquee.min.js]
[renoxcheats.cc/assets/javascript/lib/jquery.cookie.min.js]
[renoxcheats.cc/assets/javascript/lib/typed.min.js]
[renoxcheats.cc/assets/javascript/portfolio.js]
[renoxcheats.cc/assets/javascript/analytics.js]
[renoxcheats.cc/index.html]
[renoxcheats.cc/ajax.cloudflare.com/cdn-cgi/scripts/7089c43e/cloudflare-static/rocket-loader.min.js]
[renoxcheats.cc/cdn-cgi/apps/head/UXe_1iGyh8yYRjwQRT6oOZhxFgw.html]
[cdn.shorte.st/link-converter.min.js]
[renoxcheats.cc/assets/others/cursor.png]
[renoxcheats.cc/assets/others/Consolas.html]
[renoxcheats.cc/assets/others/dot.png]
[renoxcheats.cc/assets/stylesheets/stylesheet.css]
[renoxcheats.cc/cdnjs.cloudflare.com/ajax/libs/animate.css/3.5.2/animate.min.css]
[renoxcheats.cc/cdn-cgi/bm/cv/669835187/api.html]
[renoxcheats.cc/page/assets/img/logo.png]
[renoxcheats.cc/page/assets/bootstrap/css/bootstrap.min.css]
[renoxcheats.cc/page/assets/fonts/fontawesome-all.min.css]
[renoxcheats.cc/page/assets/css/styles.min.css]
[renoxcheats.cc/page/assets/css/animate.css]
[renoxcheats.cc/page/css/style.css]
[renoxcheats.cc/page/assets/img/for.png]
[renoxcheats.cc/page/index.html]
[renoxcheats.cc/page1/css/bootstrap.css]
[renoxcheats.cc/page1/css/fontawesome-all.css]
[renoxcheats.cc/page1/css/swiper.css]
[renoxcheats.cc/page1/css/magnific-popup.css]
[renoxcheats.cc/page1/css/styles.css]
[renoxcheats.cc/page1/images/favicon.png]
[renoxcheats.cc/index-2.html]
[renoxcheats.cc/page1/js/popper.min.js]
[renoxcheats.cc/page1/js/bootstrap.min.js]
[renoxcheats.cc/page1/js/jquery.min.js]
[renoxcheats.cc/page1/js/jquery.easing.min.js]
[renoxcheats.cc/page1/js/jquery.magnific-popup.js]
[renoxcheats.cc/page1/js/morphext.min.js]
[renoxcheats.cc/page1/js/validator.min.js]
[renoxcheats.cc/page1/js/scripts.js]
[renoxcheats.cc/page1/index.html]
[renoxcheats.cc/page1/js/swiper.min.js]
[renoxcheats.cc/assets/others/Consolas.html]
[renoxcheats.cc/page/assets/bootstrap/css/bootstrap.min.css]
[renoxcheats.cc/page/assets/fonts/fa-brands-400.2f.delayed]
[renoxcheats.cc/page/assets/fonts/fa-brands-400d41dd41d.eot]
[renoxcheats.cc/page/assets/fonts/fa-brands-400.woff2]
[renoxcheats.cc/page/assets/fonts/fa-brands-400.woff]
[renoxcheats.cc/page/assets/fonts/fa-brands-400.ttf]
[renoxcheats.cc/page/assets/fonts/fa-brands-400.svg]
[renoxcheats.cc/page/assets/fonts/fa-regular-400.eot]
[renoxcheats.cc/page/assets/fonts/fa-regular-400d41dd41d.eot]
[renoxcheats.cc/page/assets/fonts/fa-regular-400.woff2]
[renoxcheats.cc/page/assets/fonts/fa-regular-400.woff]
[renoxcheats.cc/page/assets/fonts/fa-regular-400.ttf]
[renoxcheats.cc/page/assets/fonts/fa-regular-400.svg]
[renoxcheats.cc/page/assets/fonts/fa-solid-900.eot]
[renoxcheats.cc/page/assets/fonts/fa-solid-900d41dd41d.eot]
[renoxcheats.cc/page/assets/fonts/fa-solid-900.woff2]
[renoxcheats.cc/page/assets/fonts/fa-solid-900.woff]
[renoxcheats.cc/page/assets/fonts/fa-solid-900.ttf]
[renoxcheats.cc/page/assets/fonts/fa-solid-900.svg]
[renoxcheats.cc/page/assets/fonts/fontawesome-all.min.css]
[renoxcheats.cc/page/assets/fonts/Montserrat-Black.woff]
[renoxcheats.cc/page/assets/fonts/Montserrat-BlackItalic.woff]
[renoxcheats.cc/page/assets/fonts/Montserrat-Bold.woff]
[renoxcheats.cc/page/assets/fonts/Montserrat-BoldItalic.woff]
[renoxcheats.cc/page/assets/fonts/Montserrat-ExtraBold.woff]
[renoxcheats.cc/page/assets/fonts/Montserrat-ExtraBoldItalic.woff]
[renoxcheats.cc/page/assets/fonts/Montserrat-ExtraLight.woff]
[renoxcheats.cc/page/assets/fonts/Montserrat-ExtraLightItalic.woff]
[renoxcheats.cc/page/assets/fonts/Montserrat-Italic.woff]
[renoxcheats.cc/page/assets/fonts/Montserrat-Light.woff]
[renoxcheats.cc/page/assets/fonts/Montserrat-LightItalic.woff]
[renoxcheats.cc/page/assets/fonts/Montserrat-Medium.woff]
[renoxcheats.cc/page/assets/fonts/Montserrat-MediumItalic.woff]
[renoxcheats.cc/page/assets/fonts/Montserrat-Regular.woff]
[renoxcheats.cc/page/assets/fonts/Montserrat-SemiBold.woff]
[renoxcheats.cc/page/assets/fonts/Montserrat-SemiBoldItalic.woff]
[renoxcheats.cc/page/assets/fonts/Montserrat-Thin.woff]
[renoxcheats.cc/page/assets/fonts/Montserrat-ThinItalic.woff]
[renoxcheats.cc/page/assets/css/styles.min.css]
[renoxcheats.cc/page/assets/css/animate.css]
[renoxcheats.cc/page/fonts/icomoon/icomoona57c.eot]
[renoxcheats.cc/page/fonts/icomoon/icomoona57c.ttf]
[renoxcheats.cc/page/fonts/icomoon/icomoona57c.woff]
[renoxcheats.cc/page/fonts/icomoon/icomoona57c.svg]
[renoxcheats.cc/page/images/loader.gif]
[renoxcheats.cc/page/css/style.css]
[renoxcheats.cc/page1/css/bootstrap.css]
[renoxcheats.cc/page1/webfonts/fa-brands-400.eot]
[renoxcheats.cc/page1/webfonts/fa-brands-400.svg]
[renoxcheats.cc/page1/webfonts/fa-regular-400.eot]
[renoxcheats.cc/page1/webfonts/fa-brands-400d41dd41d.eot]
[renoxcheats.cc/page1/webfonts/fa-brands-400.woff]
[renoxcheats.cc/page1/webfonts/fa-brands-400.ttf]
[renoxcheats.cc/page1/webfonts/fa-regular-400d41dd41d.eot]
[renoxcheats.cc/page1/webfonts/fa-regular-400.svg]
[renoxcheats.cc/page1/webfonts/fa-regular-400.woff]
[renoxcheats.cc/page1/webfonts/fa-regular-400.ttf]
[renoxcheats.cc/page1/webfonts/fa-solid-900.eot]
[renoxcheats.cc/page1/webfonts/fa-solid-900d41dd41d.eot]
[renoxcheats.cc/page1/webfonts/fa-solid-900.woff]
[renoxcheats.cc/page1/css/fontawesome-all.css]
[renoxcheats.cc/page1/css/swiper.css]
[renoxcheats.cc/page1/css/magnific-popup.css]
[renoxcheats.cc/page1/webfonts/fa-solid-900.ttf]
[renoxcheats.cc/page1/images/down-arrow.png]
[renoxcheats.cc/page1/webfonts/fa-solid-900.svg]
[renoxcheats.cc/page1/images/header-background.jpg]
[renoxcheats.cc/page1/images/video-background.jpg]
[renoxcheats.cc/page1/images/download-background.jpg]
[renoxcheats.cc/page1/images/contact-background.6e.delayed]
[renoxcheats.cc/page1/images/up-arrow.png]
[renoxcheats.cc/page1/css/styles.css]
[renoxcheats.cc/page1/images/favicon.html]
[renoxcheats.cc/index-2.html]
[renoxcheats.cc/page/assets/fonts/fa-brands-400.html]
[renoxcheats.cc/page/assets/fonts/fa-brands-400d41dd41d.html]
[renoxcheats.cc/page/assets/fonts/fa-brands-401.html]
[renoxcheats.cc/page/assets/fonts/fa-brands-402.html]
[renoxcheats.cc/page/assets/fonts/fa-brands-403.html]
[renoxcheats.cc/page/assets/fonts/fa-brands-404.html]
[renoxcheats.cc/page/assets/fonts/fa-regular-400.html]
[renoxcheats.cc/page/assets/fonts/fa-regular-400d41dd41d.html]
[renoxcheats.cc/page/assets/fonts/fa-regular-401.html]
[renoxcheats.cc/page/assets/fonts/fa-regular-402.html]
[renoxcheats.cc/page/assets/fonts/fa-regular-403.html]
[renoxcheats.cc/page/assets/fonts/fa-regular-404.html]
[renoxcheats.cc/page/assets/fonts/fa-solid-900.html]
[renoxcheats.cc/page/assets/fonts/fa-solid-900d41dd41d.html]
[renoxcheats.cc/page/assets/fonts/fa-solid-901.html]
[renoxcheats.cc/page/assets/fonts/fa-solid-902.html]
[renoxcheats.cc/page/assets/fonts/fa-solid-903.html]
[renoxcheats.cc/page/assets/fonts/fa-solid-904.html]
[renoxcheats.cc/page/assets/fonts/Montserrat-Black.html]
[renoxcheats.cc/page/assets/fonts/Montserrat-BlackItalic.html]
[renoxcheats.cc/page/assets/fonts/Montserrat-Bold.html]
[renoxcheats.cc/page/assets/fonts/Montserrat-BoldItalic.html]
[renoxcheats.cc/page/assets/fonts/Montserrat-ExtraBold.html]
[renoxcheats.cc/page/assets/fonts/Montserrat-ExtraBoldItalic.html]
[renoxcheats.cc/page/assets/fonts/Montserrat-ExtraLight.html]
[renoxcheats.cc/page/assets/fonts/Montserrat-ExtraLightItalic.html]
[renoxcheats.cc/page/assets/fonts/Montserrat-Italic.html]
[renoxcheats.cc/page/assets/fonts/Montserrat-Light.html]
[renoxcheats.cc/page/assets/fonts/Montserrat-LightItalic.html]
[renoxcheats.cc/page/assets/fonts/Montserrat-Medium.html]
[renoxcheats.cc/page/assets/fonts/Montserrat-MediumItalic.html]
[renoxcheats.cc/page/assets/fonts/Montserrat-Regular.html]
[renoxcheats.cc/page/assets/fonts/Montserrat-SemiBold.html]
[renoxcheats.cc/page/assets/fonts/Montserrat-SemiBoldItalic.html]
[renoxcheats.cc/page/assets/fonts/Montserrat-Thin.html]
[renoxcheats.cc/page/assets/fonts/Montserrat-ThinItalic.html]
[renoxcheats.cc/page/fonts/icomoon/icomoona57c.html]
[renoxcheats.cc/page/fonts/icomoon/icomoona57c-2.html]
[renoxcheats.cc/page/fonts/icomoon/icomoona57c-3.html]
[renoxcheats.cc/page/fonts/icomoon/icomoona57c-4.html]
[renoxcheats.cc/page/images/loader.html]
[renoxcheats.cc/page1/webfonts/fa-brands-400.html]
[renoxcheats.cc/page1/webfonts/fa-brands-400.svg]
[renoxcheats.cc/page1/webfonts/fa-regular-400.html]
[renoxcheats.cc/page1/webfonts/fa-regular-400.svg]
[renoxcheats.cc/page1/webfonts/fa-solid-900.html]
[renoxcheats.cc/page1/webfonts/fa-solid-900.svg]
[renoxcheats.cc/page1/images/contact-background.html]
